Importing plotly failed. Interactive plots will not work.
15:09:03 - cmdstanpy - INFO - Chain [1] start processing
15:09:03 - cmdstanpy - INFO - Chain [1] done processing
15:09:04 - cmdstanpy - INFO - Chain [1] start processing
15:09:04 - cmdstanpy - INFO - Chain [1] done processing
15:09:05 - cmdstanpy - INFO - Chain [1] start processing
15:09:05 - cmdstanpy - INFO - Chain [1] done processing
15:09:06 - cmdstanpy - INFO - Chain [1] start processing
15:09:07 - cmdstanpy - INFO - Chain [1] done processing
15:09:07 - cmdstanpy - INFO - Chain [1] start processing
15:09:07 - cmdstanpy - INFO - Chain [1] done processing
15:09:08 - cmdstanpy - INFO - Chain [1] start processing
15:09:08 - cmdstanpy - INFO - Chain [1] done processing
15:09:09 - cmdstanpy - INFO - Chain [1] start processing
15:09:09 - cmdstanpy - INFO - Chain [1] done processing
15:09:09 - cmdstanpy - INFO - Chain [1] start processing
15:09:10 - cmdstanpy - INFO - Chain [1] done processing
15:09:10 - cmdstanpy - INFO - Chain [1] start processing
15:09:11 - cmdstanpy - INFO - Chain [1] done processing
15:09:12 - cmdstanpy - INFO - Chain [1] start processing
15:09:12 - cmdstanpy - INFO - Chain [1] done processing
15:09:13 - cmdstanpy - INFO - Chain [1] start processing
15:09:13 - cmdstanpy - INFO - Chain [1] done processing
15:09:14 - cmdstanpy - INFO - Chain [1] start processing
15:09:15 - cmdstanpy - INFO - Chain [1] done processing
15:09:15 - cmdstanpy - INFO - Chain [1] start processing
15:09:16 - cmdstanpy - INFO - Chain [1] done processing
15:09:16 - cmdstanpy - INFO - Chain [1] start processing
15:09:17 - cmdstanpy - INFO - Chain [1] done processing
15:09:17 - cmdstanpy - INFO - Chain [1] start processing
15:09:18 - cmdstanpy - INFO - Chain [1] done processing
15:09:18 - cmdstanpy - INFO - Chain [1] start processing
15:09:19 - cmdstanpy - INFO - Chain [1] done processing
15:09:19 - cmdstanpy - INFO - Chain [1] start processing
15:09:20 - cmdstanpy - INFO - Chain [1] done processing
15:09:20 - cmdstanpy - INFO - Chain [1] start processing
15:09:21 - cmdstanpy - INFO - Chain [1] done processing
15:09:21 - cmdstanpy - INFO - Chain [1] start processing
15:09:22 - cmdstanpy - INFO - Chain [1] done processing
15:09:23 - cmdstanpy - INFO - Chain [1] start processing
15:09:24 - cmdstanpy - INFO - Chain [1] done processing
15:09:24 - cmdstanpy - INFO - Chain [1] start processing
15:09:25 - cmdstanpy - INFO - Chain [1] done processing
15:09:25 - cmdstanpy - INFO - Chain [1] start processing
15:09:26 - cmdstanpy - INFO - Chain [1] done processing
15:09:26 - cmdstanpy - INFO - Chain [1] start processing
15:09:27 - cmdstanpy - INFO - Chain [1] done processing
15:09:27 - cmdstanpy - INFO - Chain [1] start processing
15:09:28 - cmdstanpy - INFO - Chain [1] done processing
15:09:28 - cmdstanpy - INFO - Chain [1] start processing
15:09:29 - cmdstanpy - INFO - Chain [1] done processing
15:09:29 - cmdstanpy - INFO - Chain [1] start processing
15:09:30 - cmdstanpy - INFO - Chain [1] done processing
15:09:30 - cmdstanpy - INFO - Chain [1] start processing
15:09:31 - cmdstanpy - INFO - Chain [1] done processing
15:09:32 - cmdstanpy - INFO - Chain [1] start processing
15:09:32 - cmdstanpy - INFO - Chain [1] done processing
15:09:32 - cmdstanpy - INFO - Chain [1] start processing
15:09:33 - cmdstanpy - INFO - Chain [1] done processing
15:09:33 - cmdstanpy - INFO - Chain [1] start processing
15:09:34 - cmdstanpy - INFO - Chain [1] done processing
15:09:34 - cmdstanpy - INFO - Chain [1] start processing
15:09:35 - cmdstanpy - INFO - Chain [1] done processing
15:09:35 - cmdstanpy - INFO - Chain [1] start processing
15:09:36 - cmdstanpy - INFO - Chain [1] done processing
15:09:36 - cmdstanpy - INFO - Chain [1] start processing
15:10:08 - cmdstanpy - INFO - Chain [1] done processing
15:10:08 - cmdstanpy - INFO - Chain [1] start processing
15:10:09 - cmdstanpy - INFO - Chain [1] done processing
15:10:09 - cmdstanpy - INFO - Chain [1] start processing
15:10:42 - cmdstanpy - INFO - Chain [1] done processing
15:10:42 - cmdstanpy - INFO - Chain [1] start processing
15:10:43 - cmdstanpy - INFO - Chain [1] done processing
15:10:43 - cmdstanpy - INFO - Chain [1] start processing
15:11:16 - cmdstanpy - INFO - Chain [1] done processing
15:11:16 - cmdstanpy - INFO - Chain [1] start processing
15:11:16 - cmdstanpy - INFO - Chain [1] done processing
15:11:17 - cmdstanpy - INFO - Chain [1] start processing
15:11:50 - cmdstanpy - INFO - Chain [1] done processing
15:11:50 - cmdstanpy - INFO - Chain [1] start processing
15:11:51 - cmdstanpy - INFO - Chain [1] done processing
15:11:51 - cmdstanpy - INFO - Chain [1] start processing
15:12:24 - cmdstanpy - INFO - Chain [1] done processing
15:12:24 - cmdstanpy - INFO - Chain [1] start processing
15:12:25 - cmdstanpy - INFO - Chain [1] done processing
15:12:25 - cmdstanpy - INFO - Chain [1] start processing
15:12:57 - cmdstanpy - INFO - Chain [1] done processing
15:12:58 - cmdstanpy - INFO - Chain [1] start processing
15:12:58 - cmdstanpy - INFO - Chain [1] done processing
15:12:59 - cmdstanpy - INFO - Chain [1] start processing
15:13:31 - cmdstanpy - INFO - Chain [1] done processing
15:13:31 - cmdstanpy - INFO - Chain [1] start processing
15:13:32 - cmdstanpy - INFO - Chain [1] done processing
15:13:32 - cmdstanpy - INFO - Chain [1] start processing
15:14:05 - cmdstanpy - INFO - Chain [1] done processing
15:14:05 - cmdstanpy - INFO - Chain [1] start processing
15:14:05 - cmdstanpy - INFO - Chain [1] done processing
15:14:06 - cmdstanpy - INFO - Chain [1] start processing
15:14:32 - cmdstanpy - INFO - Chain [1] done processing
15:14:33 - cmdstanpy - INFO - Chain [1] start processing
15:14:33 - cmdstanpy - INFO - Chain [1] done processing
15:14:34 - cmdstanpy - INFO - Chain [1] start processing
15:15:06 - cmdstanpy - INFO - Chain [1] done processing
15:15:06 - cmdstanpy - INFO - Chain [1] start processing
15:15:07 - cmdstanpy - INFO - Chain [1] done processing
15:15:08 - cmdstanpy - INFO - Chain [1] start processing
15:15:40 - cmdstanpy - INFO - Chain [1] done processing
15:15:41 - cmdstanpy - INFO - Chain [1] start processing
15:15:41 - cmdstanpy - INFO - Chain [1] done processing
15:15:42 - cmdstanpy - INFO - Chain [1] start processing
15:16:14 - cmdstanpy - INFO - Chain [1] done processing
15:16:14 - cmdstanpy - INFO - Chain [1] start processing
15:16:15 - cmdstanpy - INFO - Chain [1] done processing
15:16:15 - cmdstanpy - INFO - Chain [1] start processing
15:16:46 - cmdstanpy - INFO - Chain [1] done processing
15:16:46 - cmdstanpy - INFO - Chain [1] start processing
15:17:22 - cmdstanpy - INFO - Chain [1] done processing
15:17:22 - cmdstanpy - INFO - Chain [1] start processing
15:17:56 - cmdstanpy - INFO - Chain [1] done processing
15:17:56 - cmdstanpy - INFO - Chain [1] start processing
15:18:32 - cmdstanpy - INFO - Chain [1] done processing
15:18:33 - cmdstanpy - INFO - Chain [1] start processing
15:19:05 - cmdstanpy - INFO - Chain [1] done processing
15:19:06 - cmdstanpy - INFO - Chain [1] start processing
15:19:38 - cmdstanpy - INFO - Chain [1] done processing
15:19:38 - cmdstanpy - INFO - Chain [1] start processing
15:20:11 - cmdstanpy - INFO - Chain [1] done processing
15:20:11 - cmdstanpy - INFO - Chain [1] start processing
15:20:47 - cmdstanpy - INFO - Chain [1] done processing
15:20:47 - cmdstanpy - INFO - Chain [1] start processing
15:21:03 - cmdstanpy - INFO - Chain [1] done processing
15:21:03 - cmdstanpy - INFO - Chain [1] start processing
15:21:04 - cmdstanpy - INFO - Chain [1] done processing
15:21:04 - cmdstanpy - INFO - Chain [1] start processing
15:21:20 - cmdstanpy - INFO - Chain [1] done processing
15:21:20 - cmdstanpy - INFO - Chain [1] start processing
15:21:21 - cmdstanpy - INFO - Chain [1] done processing
15:21:21 - cmdstanpy - INFO - Chain [1] start processing
15:21:37 - cmdstanpy - INFO - Chain [1] done processing
15:21:37 - cmdstanpy - INFO - Chain [1] start processing
15:21:37 - cmdstanpy - INFO - Chain [1] done processing
15:21:38 - cmdstanpy - INFO - Chain [1] start processing
15:21:54 - cmdstanpy - INFO - Chain [1] done processing
15:21:54 - cmdstanpy - INFO - Chain [1] start processing
15:21:54 - cmdstanpy - INFO - Chain [1] done processing
15:21:55 - cmdstanpy - INFO - Chain [1] start processing
15:22:10 - cmdstanpy - INFO - Chain [1] done processing
15:22:11 - cmdstanpy - INFO - Chain [1] start processing
15:22:43 - cmdstanpy - INFO - Chain [1] done processing
15:22:43 - cmdstanpy - INFO - Chain [1] start processing
15:22:59 - cmdstanpy - INFO - Chain [1] done processing
15:22:59 - cmdstanpy - INFO - Chain [1] start processing
15:23:32 - cmdstanpy - INFO - Chain [1] done processing
15:23:33 - cmdstanpy - INFO - Chain [1] start processing
15:23:48 - cmdstanpy - INFO - Chain [1] done processing
15:23:48 - cmdstanpy - INFO - Chain [1] start processing
15:24:20 - cmdstanpy - INFO - Chain [1] done processing
15:24:20 - cmdstanpy - INFO - Chain [1] start processing
15:24:37 - cmdstanpy - INFO - Chain [1] done processing
15:24:37 - cmdstanpy - INFO - Chain [1] start processing
15:25:10 - cmdstanpy - INFO - Chain [1] done processing
15:25:11 - cmdstanpy - INFO - Chain [1] start processing
15:25:26 - cmdstanpy - INFO - Chain [1] done processing
15:25:26 - cmdstanpy - INFO - Chain [1] start processing
15:25:59 - cmdstanpy - INFO - Chain [1] done processing
15:25:59 - cmdstanpy - INFO - Chain [1] start processing
15:26:15 - cmdstanpy - INFO - Chain [1] done processing
15:26:15 - cmdstanpy - INFO - Chain [1] start processing
15:26:48 - cmdstanpy - INFO - Chain [1] done processing
15:26:48 - cmdstanpy - INFO - Chain [1] start processing
15:27:03 - cmdstanpy - INFO - Chain [1] done processing
15:27:03 - cmdstanpy - INFO - Chain [1] start processing
15:27:36 - cmdstanpy - INFO - Chain [1] done processing
15:27:36 - cmdstanpy - INFO - Chain [1] start processing
15:27:54 - cmdstanpy - INFO - Chain [1] done processing
15:27:54 - cmdstanpy - INFO - Chain [1] start processing
15:28:28 - cmdstanpy - INFO - Chain [1] done processing
15:28:28 - cmdstanpy - INFO - Chain [1] start processing
15:28:43 - cmdstanpy - INFO - Chain [1] done processing
15:28:44 - cmdstanpy - INFO - Chain [1] start processing
15:29:21 - cmdstanpy - INFO - Chain [1] done processing
15:29:21 - cmdstanpy - INFO - Chain [1] start processing
15:29:41 - cmdstanpy - INFO - Chain [1] done processing
15:29:41 - cmdstanpy - INFO - Chain [1] start processing
15:30:14 - cmdstanpy - INFO - Chain [1] done processing
15:30:14 - cmdstanpy - INFO - Chain [1] start processing
15:30:28 - cmdstanpy - INFO - Chain [1] done processing
15:30:29 - cmdstanpy - INFO - Chain [1] start processing
15:30:59 - cmdstanpy - INFO - Chain [1] done processing
15:31:00 - cmdstanpy - INFO - Chain [1] start processing
15:31:15 - cmdstanpy - INFO - Chain [1] done processing
15:31:15 - cmdstanpy - INFO - Chain [1] start processing
15:31:47 - cmdstanpy - INFO - Chain [1] done processing
15:31:47 - cmdstanpy - INFO - Chain [1] start processing
15:31:48 - cmdstanpy - INFO - Chain [1] done processing
15:32:04 - cmdstanpy - INFO - Chain [1] start processing
15:32:36 - cmdstanpy - INFO - Chain [1] done processing
15:32:36 - cmdstanpy - INFO - Chain [1] start processing
15:33:10 - cmdstanpy - INFO - Chain [1] done processing
15:33:10 - cmdstanpy - INFO - Chain [1] start processing
15:33:11 - cmdstanpy - INFO - Chain [1] done processing
15:33:11 - cmdstanpy - INFO - Chain [1] start processing
15:33:12 - cmdstanpy - INFO - Chain [1] done processing
==============================================================================
1. Memuat data: D:\NGODING\skripsi-prediksi-beras\skripsi-beras\backend\data_train\datasets\data_app\harga_beras_2018_2026.csv
   101 baris (2018-01-01 .. 2026-05-01)

==============================================================================
2. Tuning start-year + Prophet (objektif: MAPE hybrid one-step pada tahun validasi [2024, 2025]) ...
   Terbaik -> start=2021  avg hybrid MAPE=3.77%
   Prophet params: {'changepoint_prior_scale': 0.5, 'seasonality_prior_scale': 10.0, 'seasonality_mode': 'multiplicative'}

==============================================================================
3. Tuning XGBoost pada residual ...
   XGBoost params: {'subsample': 0.7, 'reg_lambda': 5.0, 'reg_alpha': 0, 'n_estimators': 30, 'min_child_weight': 7, 'max_depth': 4, 'learning_rate': 0.1, 'gamma': 1.0, 'colsample_bytree': 1.0}

==============================================================================
4. Rolling backtest per tahun [2024, 2025, 2026] (window mulai 2021) ...

   [TEST 2024]  (12 bulan)
     Prophet-only   : MAPE=4.55%  MAE=676.1
     Hybrid one-step: MAPE=4.55%  MAE=676.1  RMSE=968.5
     Hybrid recursive: MAPE=4.55%  MAE=676.1

   [TEST 2025]  (12 bulan)
     Prophet-only   : MAPE=2.99%  MAE=422.0
     Hybrid one-step: MAPE=2.99%  MAE=422.0  RMSE=611.7
     Hybrid recursive: MAPE=2.99%  MAE=422.0

   [TEST 2026]  (5 bulan)
     Prophet-only   : MAPE=1.50%  MAE=212.2
     Hybrid one-step: MAPE=1.58%  MAE=223.7  RMSE=246.8
     Hybrid recursive: MAPE=1.47%  MAE=208.4

   ------------------------------------------------------------
   AGREGAT (29 titik):
     Prophet-only    MAPE = 3.38%
     Hybrid one-step MAPE = 3.39%  MAE = 493.0  RMSE = 744.0
     Hybrid recursive MAPE= 3.37%  MAE = 490.3

==============================================================================
5. Menyimpan plot ...
   -> plots/backtest_comparison.png, plots/feature_importance.png

   Feature importance:
       Feature  Importance
residual_lag_1    0.176823
residual_lag_2    0.173850
     month_cos    0.085658
         lag_1    0.081902
         lag_2    0.080458
     harga_gkg    0.079542
     month_sin    0.076528
   curah_hujan    0.072345
 produksi_padi    0.065741
inflasi_pangan    0.055582
rolling_mean_3    0.051571

==============================================================================
6. Menyimpan model produksi (dilatih 2021..2026) ...
   Tersimpan di trainv2/: prophet_model.pkl, best_xgb_model.pkl, features.json, metrics_summary.json

==============================================================================
RINGKASAN
  Window training : 2021..2026
  Prophet         : {'changepoint_prior_scale': 0.5, 'seasonality_prior_scale': 10.0, 'seasonality_mode': 'multiplicative'}
  Agregat backtest: Prophet-only 3.38% | Hybrid 3.39% | Recursive 3.37%
==============================================================================

Deploy: salin prophet_model.pkl, best_xgb_model.pkl, features.json ke backend/ml_models/ (menimpa yang lama).
EXIT 0
