Importing plotly failed. Interactive plots will not work.
20:16:42 - cmdstanpy - INFO - Chain [1] start processing
20:16:43 - cmdstanpy - INFO - Chain [1] done processing
20:16:43 - cmdstanpy - INFO - Chain [1] start processing
20:16:43 - cmdstanpy - INFO - Chain [1] done processing
20:16:44 - cmdstanpy - INFO - Chain [1] start processing
20:16:44 - cmdstanpy - INFO - Chain [1] done processing
20:16:45 - cmdstanpy - INFO - Chain [1] start processing
20:16:45 - cmdstanpy - INFO - Chain [1] done processing
20:16:45 - cmdstanpy - INFO - Chain [1] start processing
20:16:46 - cmdstanpy - INFO - Chain [1] done processing
20:16:46 - cmdstanpy - INFO - Chain [1] start processing
20:16:47 - cmdstanpy - INFO - Chain [1] done processing
20:16:47 - cmdstanpy - INFO - Chain [1] start processing
20:16:48 - cmdstanpy - INFO - Chain [1] done processing
20:16:48 - cmdstanpy - INFO - Chain [1] start processing
20:16:48 - cmdstanpy - INFO - Chain [1] done processing
20:16:48 - cmdstanpy - INFO - Chain [1] start processing
20:17:22 - cmdstanpy - INFO - Chain [1] done processing
20:17:22 - cmdstanpy - INFO - Chain [1] start processing
20:17:23 - cmdstanpy - INFO - Chain [1] done processing
20:17:23 - cmdstanpy - INFO - Chain [1] start processing
20:17:56 - cmdstanpy - INFO - Chain [1] done processing
20:17:57 - cmdstanpy - INFO - Chain [1] start processing
20:17:57 - cmdstanpy - INFO - Chain [1] done processing
20:17:58 - cmdstanpy - INFO - Chain [1] start processing
20:18:32 - cmdstanpy - INFO - Chain [1] done processing
20:18:32 - cmdstanpy - INFO - Chain [1] start processing
20:18:33 - cmdstanpy - INFO - Chain [1] done processing
20:18:33 - cmdstanpy - INFO - Chain [1] start processing
20:19:07 - cmdstanpy - INFO - Chain [1] done processing
20:19:07 - cmdstanpy - INFO - Chain [1] start processing
20:19:08 - cmdstanpy - INFO - Chain [1] done processing
20:19:08 - cmdstanpy - INFO - Chain [1] start processing
20:19:42 - cmdstanpy - INFO - Chain [1] done processing
20:19:42 - cmdstanpy - INFO - Chain [1] start processing
20:19:44 - cmdstanpy - INFO - Chain [1] done processing
20:19:44 - cmdstanpy - INFO - Chain [1] start processing
20:20:18 - cmdstanpy - INFO - Chain [1] done processing
20:20:18 - cmdstanpy - INFO - Chain [1] start processing
20:20:19 - cmdstanpy - INFO - Chain [1] done processing
20:20:19 - cmdstanpy - INFO - Chain [1] start processing
20:20:54 - cmdstanpy - INFO - Chain [1] done processing
20:20:54 - cmdstanpy - INFO - Chain [1] start processing
20:20:55 - cmdstanpy - INFO - Chain [1] done processing
20:20:55 - cmdstanpy - INFO - Chain [1] start processing
20:21:29 - cmdstanpy - INFO - Chain [1] done processing
20:21:29 - cmdstanpy - INFO - Chain [1] start processing
20:21:30 - cmdstanpy - INFO - Chain [1] done processing
20:21:30 - cmdstanpy - INFO - Chain [1] start processing
20:21:30 - cmdstanpy - INFO - Chain [1] done processing
20:21:31 - cmdstanpy - INFO - Chain [1] start processing
20:21:31 - cmdstanpy - INFO - Chain [1] done processing
20:21:31 - cmdstanpy - INFO - Chain [1] start processing
20:21:32 - cmdstanpy - INFO - Chain [1] done processing
20:21:32 - cmdstanpy - INFO - Chain [1] start processing
20:21:32 - cmdstanpy - INFO - Chain [1] done processing
20:21:32 - cmdstanpy - INFO - Chain [1] start processing
20:21:33 - cmdstanpy - INFO - Chain [1] done processing
20:21:33 - cmdstanpy - INFO - Chain [1] start processing
20:21:33 - cmdstanpy - INFO - Chain [1] done processing
20:21:34 - cmdstanpy - INFO - Chain [1] start processing
20:21:34 - cmdstanpy - INFO - Chain [1] done processing
20:21:34 - cmdstanpy - INFO - Chain [1] start processing
20:21:35 - cmdstanpy - INFO - Chain [1] done processing
20:21:35 - cmdstanpy - INFO - Chain [1] start processing
20:22:09 - cmdstanpy - INFO - Chain [1] done processing
20:22:09 - cmdstanpy - INFO - Chain [1] start processing
20:22:10 - cmdstanpy - INFO - Chain [1] done processing
20:22:10 - cmdstanpy - INFO - Chain [1] start processing
20:22:44 - cmdstanpy - INFO - Chain [1] done processing
20:22:45 - cmdstanpy - INFO - Chain [1] start processing
20:22:45 - cmdstanpy - INFO - Chain [1] done processing
20:22:45 - cmdstanpy - INFO - Chain [1] start processing
20:23:20 - cmdstanpy - INFO - Chain [1] done processing
20:23:20 - cmdstanpy - INFO - Chain [1] start processing
20:23:20 - cmdstanpy - INFO - Chain [1] done processing
20:23:21 - cmdstanpy - INFO - Chain [1] start processing
20:23:55 - cmdstanpy - INFO - Chain [1] done processing
20:23:55 - cmdstanpy - INFO - Chain [1] start processing
20:23:55 - cmdstanpy - INFO - Chain [1] done processing
20:23:56 - cmdstanpy - INFO - Chain [1] start processing
20:24:30 - cmdstanpy - INFO - Chain [1] done processing
20:24:30 - cmdstanpy - INFO - Chain [1] start processing
20:24:31 - cmdstanpy - INFO - Chain [1] done processing
20:24:31 - cmdstanpy - INFO - Chain [1] start processing
20:25:06 - cmdstanpy - INFO - Chain [1] done processing
20:25:06 - cmdstanpy - INFO - Chain [1] start processing
20:25:07 - cmdstanpy - INFO - Chain [1] done processing
20:25:07 - cmdstanpy - INFO - Chain [1] start processing
20:25:42 - cmdstanpy - INFO - Chain [1] done processing
20:25:42 - cmdstanpy - INFO - Chain [1] start processing
20:25:43 - cmdstanpy - INFO - Chain [1] done processing
20:25:43 - cmdstanpy - INFO - Chain [1] start processing
20:26:19 - cmdstanpy - INFO - Chain [1] done processing
20:26:19 - cmdstanpy - INFO - Chain [1] start processing
20:26:20 - cmdstanpy - INFO - Chain [1] done processing
20:26:20 - cmdstanpy - INFO - Chain [1] start processing
20:26:21 - cmdstanpy - INFO - Chain [1] done processing
20:26:21 - cmdstanpy - INFO - Chain [1] start processing
20:26:21 - cmdstanpy - INFO - Chain [1] done processing
20:26:21 - cmdstanpy - INFO - Chain [1] start processing
20:26:22 - cmdstanpy - INFO - Chain [1] done processing
20:26:22 - cmdstanpy - INFO - Chain [1] start processing
20:26:22 - cmdstanpy - INFO - Chain [1] done processing
20:26:23 - cmdstanpy - INFO - Chain [1] start processing
20:26:23 - cmdstanpy - INFO - Chain [1] done processing
20:26:23 - cmdstanpy - INFO - Chain [1] start processing
20:26:24 - cmdstanpy - INFO - Chain [1] done processing
20:26:24 - cmdstanpy - INFO - Chain [1] start processing
20:26:24 - cmdstanpy - INFO - Chain [1] done processing
20:26:24 - cmdstanpy - INFO - Chain [1] start processing
20:26:25 - cmdstanpy - INFO - Chain [1] done processing
20:26:25 - cmdstanpy - INFO - Chain [1] start processing
20:26:52 - cmdstanpy - INFO - Chain [1] done processing
20:26:53 - cmdstanpy - INFO - Chain [1] start processing
20:26:53 - cmdstanpy - INFO - Chain [1] done processing
20:26:53 - cmdstanpy - INFO - Chain [1] start processing
20:27:21 - cmdstanpy - INFO - Chain [1] done processing
20:27:21 - cmdstanpy - INFO - Chain [1] start processing
20:27:21 - cmdstanpy - INFO - Chain [1] done processing
20:27:22 - cmdstanpy - INFO - Chain [1] start processing
20:27:49 - cmdstanpy - INFO - Chain [1] done processing
20:27:49 - cmdstanpy - INFO - Chain [1] start processing
20:27:50 - cmdstanpy - INFO - Chain [1] done processing
20:27:50 - cmdstanpy - INFO - Chain [1] start processing
20:28:18 - cmdstanpy - INFO - Chain [1] done processing
20:28:18 - cmdstanpy - INFO - Chain [1] start processing
20:28:19 - cmdstanpy - INFO - Chain [1] done processing
20:28:19 - cmdstanpy - INFO - Chain [1] start processing
20:28:46 - cmdstanpy - INFO - Chain [1] done processing
20:28:47 - cmdstanpy - INFO - Chain [1] start processing
20:28:47 - cmdstanpy - INFO - Chain [1] done processing
20:28:47 - cmdstanpy - INFO - Chain [1] start processing
20:29:15 - cmdstanpy - INFO - Chain [1] done processing
20:29:15 - cmdstanpy - INFO - Chain [1] start processing
20:29:15 - cmdstanpy - INFO - Chain [1] done processing
20:29:16 - cmdstanpy - INFO - Chain [1] start processing
20:29:43 - cmdstanpy - INFO - Chain [1] done processing
20:29:44 - cmdstanpy - INFO - Chain [1] start processing
20:29:44 - cmdstanpy - INFO - Chain [1] done processing
20:29:44 - cmdstanpy - INFO - Chain [1] start processing
20:30:12 - cmdstanpy - INFO - Chain [1] done processing
20:30:12 - cmdstanpy - INFO - Chain [1] start processing
20:30:13 - cmdstanpy - INFO - Chain [1] done processing
20:30:13 - cmdstanpy - INFO - Chain [1] start processing
20:30:47 - cmdstanpy - INFO - Chain [1] done processing
20:30:47 - cmdstanpy - INFO - Chain [1] start processing
20:30:47 - cmdstanpy - INFO - Chain [1] done processing
20:30:48 - cmdstanpy - INFO - Chain [1] start processing
20:30:48 - cmdstanpy - INFO - Chain [1] done processing
20:30:49 - cmdstanpy - INFO - Chain [1] start processing
20:30:50 - cmdstanpy - INFO - Chain [1] done processing
==============================================================================
1. Load: D:\NGODING\skripsi-prediksi-beras\skripsi-beras\backend\data_train\datasets\data_app\harga_beras_2018_2026.csv
   101 baris (2018-01-01..2026-05-01)

==============================================================================
2. Tuning (regressor set + cps + mode + orde AR) via MAPE hybrid validasi [2024, 2025]
   Terbaik -> regressor='+gkg' ['lebaran', 'harga_gkg']
             cps=0.3 mode=additive AR(1) | val MAPE=3.17%

==============================================================================
3. Rolling backtest [2024, 2025, 2026] (start 2021) ...
   [2024] Prophet=5.13% | Prophet+LinearAR=1.95% (recursive 5.13%) | XGB ref=5.13%
   [2025] Prophet=3.32% | Prophet+LinearAR=4.40% (recursive 3.32%) | XGB ref=3.45%
   [2026] Prophet=1.19% | Prophet+LinearAR=1.32% (recursive 1.19%) | XGB ref=1.39%
   ------------------------------------------------------------
   AGREGAT (29 titik):
     Prophet-only        : 3.70%
     Prophet + Linear AR : 2.85%  MAE=405.9 RMSE=515.8  (recursive 3.70%)
     [ref] Prophet+XGB   : 3.79%
     Residual OOS R^2 (Linear AR): +0.263

==============================================================================
4. Plot & simpan artefak ...
   Koefisien Linear AR(1): {'residual_lag_1': np.float64(-0.1581)}, intercept=0.65
   Tersimpan: prophet_model_linear.pkl, linear_residual_model.pkl, features_linear.json, metrics_summary_linear.json, plots/backtest_linear.png

==============================================================================
RINGKASAN
  Arsitektur : Prophet(+['lebaran', 'harga_gkg']) cps=0.3 additive + Linear AR(1)
  Agregat    : Prophet 3.70% -> +Linear AR 2.85% | XGB ref 3.79%
==============================================================================
EXIT 0
